------------------------------------------------------------
Timing Analyzer Summary
------------------------------------------------------------

Type  : Slow 1100mV 85C Model Setup 'controller:controller_inst|fsm:control_unit|cur_state.001110'
Slack : -8.743
TNS   : -118.306

Type  : Slow 1100mV 85C Model Setup 'CLOCK_1S'
Slack : -7.619
TNS   : -605.621

Type  : Slow 1100mV 85C Model Setup 'CLOCK_50'
Slack : -6.545
TNS   : -152.448

Type  : Slow 1100mV 85C Model Hold 'CLOCK_1S'
Slack : -0.557
TNS   : -1.296

Type  : Slow 1100mV 85C Model Hold 'CLOCK_50'
Slack : 0.451
TNS   : 0.000

Type  : Slow 1100mV 85C Model Hold 'controller:controller_inst|fsm:control_unit|cur_state.001110'
Slack : 0.649
TNS   : 0.000

Type  : Slow 1100mV 85C Model Recovery 'CLOCK_1S'
Slack : -3.826
TNS   : -466.275

Type  : Slow 1100mV 85C Model Removal 'CLOCK_1S'
Slack : 2.205
TNS   : 0.000

Type  : Slow 1100mV 85C Model Minimum Pulse Width 'CLOCK_1S'
Slack : -2.225
TNS   : -112.669

Type  : Slow 1100mV 85C Model Minimum Pulse Width 'CLOCK_50'
Slack : -0.460
TNS   : -17.970

Type  : Slow 1100mV 85C Model Minimum Pulse Width 'controller:controller_inst|fsm:control_unit|cur_state.001110'
Slack : 0.382
TNS   : 0.000

Type  : Slow 1100mV 0C Model Setup 'controller:controller_inst|fsm:control_unit|cur_state.001110'
Slack : -8.669
TNS   : -117.460

Type  : Slow 1100mV 0C Model Setup 'CLOCK_1S'
Slack : -7.594
TNS   : -588.252

Type  : Slow 1100mV 0C Model Setup 'CLOCK_50'
Slack : -6.674
TNS   : -151.841

Type  : Slow 1100mV 0C Model Hold 'CLOCK_1S'
Slack : -0.492
TNS   : -1.121

Type  : Slow 1100mV 0C Model Hold 'CLOCK_50'
Slack : 0.450
TNS   : 0.000

Type  : Slow 1100mV 0C Model Hold 'controller:controller_inst|fsm:control_unit|cur_state.001110'
Slack : 0.552
TNS   : 0.000

Type  : Slow 1100mV 0C Model Recovery 'CLOCK_1S'
Slack : -3.870
TNS   : -474.012

Type  : Slow 1100mV 0C Model Removal 'CLOCK_1S'
Slack : 2.326
TNS   : 0.000

Type  : Slow 1100mV 0C Model Minimum Pulse Width 'CLOCK_1S'
Slack : -2.225
TNS   : -110.401

Type  : Slow 1100mV 0C Model Minimum Pulse Width 'CLOCK_50'
Slack : -0.485
TNS   : -19.448

Type  : Slow 1100mV 0C Model Minimum Pulse Width 'controller:controller_inst|fsm:control_unit|cur_state.001110'
Slack : 0.386
TNS   : 0.000

Type  : Fast 1100mV 85C Model Setup 'controller:controller_inst|fsm:control_unit|cur_state.001110'
Slack : -4.620
TNS   : -61.740

Type  : Fast 1100mV 85C Model Setup 'CLOCK_1S'
Slack : -4.064
TNS   : -333.847

Type  : Fast 1100mV 85C Model Setup 'CLOCK_50'
Slack : -3.729
TNS   : -74.192

Type  : Fast 1100mV 85C Model Hold 'CLOCK_1S'
Slack : -0.499
TNS   : -1.227

Type  : Fast 1100mV 85C Model Hold 'controller:controller_inst|fsm:control_unit|cur_state.001110'
Slack : 0.213
TNS   : 0.000

Type  : Fast 1100mV 85C Model Hold 'CLOCK_50'
Slack : 0.245
TNS   : 0.000

Type  : Fast 1100mV 85C Model Recovery 'CLOCK_1S'
Slack : -1.965
TNS   : -229.108

Type  : Fast 1100mV 85C Model Removal 'CLOCK_1S'
Slack : 1.032
TNS   : 0.000

Type  : Fast 1100mV 85C Model Minimum Pulse Width 'CLOCK_1S'
Slack : -1.702
TNS   : -33.415

Type  : Fast 1100mV 85C Model Minimum Pulse Width 'CLOCK_50'
Slack : -0.508
TNS   : -3.526

Type  : Fast 1100mV 85C Model Minimum Pulse Width 'controller:controller_inst|fsm:control_unit|cur_state.001110'
Slack : 0.362
TNS   : 0.000

Type  : Fast 1100mV 0C Model Setup 'controller:controller_inst|fsm:control_unit|cur_state.001110'
Slack : -4.188
TNS   : -56.018

Type  : Fast 1100mV 0C Model Setup 'CLOCK_1S'
Slack : -3.700
TNS   : -293.611

Type  : Fast 1100mV 0C Model Setup 'CLOCK_50'
Slack : -3.388
TNS   : -65.459

Type  : Fast 1100mV 0C Model Hold 'CLOCK_1S'
Slack : -0.463
TNS   : -1.150

Type  : Fast 1100mV 0C Model Hold 'controller:controller_inst|fsm:control_unit|cur_state.001110'
Slack : 0.135
TNS   : 0.000

Type  : Fast 1100mV 0C Model Hold 'CLOCK_50'
Slack : 0.232
TNS   : 0.000

Type  : Fast 1100mV 0C Model Recovery 'CLOCK_1S'
Slack : -1.863
TNS   : -219.464

Type  : Fast 1100mV 0C Model Removal 'CLOCK_1S'
Slack : 1.045
TNS   : 0.000

Type  : Fast 1100mV 0C Model Minimum Pulse Width 'CLOCK_1S'
Slack : -1.702
TNS   : -30.055

Type  : Fast 1100mV 0C Model Minimum Pulse Width 'CLOCK_50'
Slack : -0.505
TNS   : -3.478

Type  : Fast 1100mV 0C Model Minimum Pulse Width 'controller:controller_inst|fsm:control_unit|cur_state.001110'
Slack : 0.391
TNS   : 0.000

------------------------------------------------------------
